Archive member included because of file (symbol)

c:/program files (x86)/atmel/atmel studio 6.0/extensions/atmel/avrgcc/3.4.0.65/avrtoolchain/bin/../lib/gcc/avr/4.6.2/avr5\libgcc.a(_divmodhi4.o)
                              BYU Mars Rover Camera Control.o (__divmodhi4)
c:/program files (x86)/atmel/atmel studio 6.0/extensions/atmel/avrgcc/3.4.0.65/avrtoolchain/bin/../lib/gcc/avr/4.6.2/avr5\libgcc.a(_exit.o)
                              c:/program files (x86)/atmel/atmel studio 6.0/extensions/atmel/avrgcc/3.4.0.65/avrtoolchain/bin/../lib/gcc/avr/4.6.2/../../../../avr/lib/avr5/crtm328p.o (exit)
c:/program files (x86)/atmel/atmel studio 6.0/extensions/atmel/avrgcc/3.4.0.65/avrtoolchain/bin/../lib/gcc/avr/4.6.2/avr5\libgcc.a(_copy_data.o)
                              BYU Mars Rover Camera Control.o (__do_copy_data)
c:/program files (x86)/atmel/atmel studio 6.0/extensions/atmel/avrgcc/3.4.0.65/avrtoolchain/bin/../lib/gcc/avr/4.6.2/avr5\libgcc.a(_clear_bss.o)
                              BYU Mars Rover Camera Control.o (__do_clear_bss)
c:/program files (x86)/atmel/atmel studio 6.0/extensions/atmel/avrgcc/3.4.0.65/avrtoolchain/bin/../lib/gcc/avr/4.6.2/avr5\libgcc.a(_udivmodhi4.o)
                              c:/program files (x86)/atmel/atmel studio 6.0/extensions/atmel/avrgcc/3.4.0.65/avrtoolchain/bin/../lib/gcc/avr/4.6.2/avr5\libgcc.a(_divmodhi4.o) (__udivmodhi4)

Allocating common symbols
Common symbol       size              file

incomingCommand     0x18              BYU Mars Rover Camera Control.o
outgoingData        0x18              BYU Mars Rover Camera Control.o
spiState            0x2               BYU Mars Rover Camera Control.o
commandBufferData   0x203             BYU Mars Rover Camera Control.o
outputBufferData    0x203             BYU Mars Rover Camera Control.o

Memory Configuration

Name             Origin             Length             Attributes
text             0x00000000         0x00020000         xr
data             0x00800060         0x0000ffa0         rw !x
eeprom           0x00810000         0x00010000         rw !x
fuse             0x00820000         0x00000400         rw !x
lock             0x00830000         0x00000400         rw !x
signature        0x00840000         0x00000400         rw !x
*default*        0x00000000         0xffffffff

Linker script and memory map

Address of section .data set to 0x800100
LOAD c:/program files (x86)/atmel/atmel studio 6.0/extensions/atmel/avrgcc/3.4.0.65/avrtoolchain/bin/../lib/gcc/avr/4.6.2/../../../../avr/lib/avr5/crtm328p.o
LOAD BYU Mars Rover Camera Control.o
START GROUP
LOAD c:/program files (x86)/atmel/atmel studio 6.0/extensions/atmel/avrgcc/3.4.0.65/avrtoolchain/bin/../lib/gcc/avr/4.6.2/../../../../avr/lib/avr5\libm.a
END GROUP
LOAD c:/program files (x86)/atmel/atmel studio 6.0/extensions/atmel/avrgcc/3.4.0.65/avrtoolchain/bin/../lib/gcc/avr/4.6.2/avr5\libgcc.a
LOAD c:/program files (x86)/atmel/atmel studio 6.0/extensions/atmel/avrgcc/3.4.0.65/avrtoolchain/bin/../lib/gcc/avr/4.6.2/../../../../avr/lib/avr5\libc.a
LOAD c:/program files (x86)/atmel/atmel studio 6.0/extensions/atmel/avrgcc/3.4.0.65/avrtoolchain/bin/../lib/gcc/avr/4.6.2/avr5\libgcc.a

.hash
 *(.hash)

.dynsym
 *(.dynsym)

.dynstr
 *(.dynstr)

.gnu.version
 *(.gnu.version)

.gnu.version_d
 *(.gnu.version_d)

.gnu.version_r
 *(.gnu.version_r)

.rel.init
 *(.rel.init)

.rela.init
 *(.rela.init)

.rel.text
 *(.rel.text)
 *(.rel.text.*)
 *(.rel.gnu.linkonce.t*)

.rela.text
 *(.rela.text)
 *(.rela.text.*)
 *(.rela.gnu.linkonce.t*)

.rel.fini
 *(.rel.fini)

.rela.fini
 *(.rela.fini)

.rel.rodata
 *(.rel.rodata)
 *(.rel.rodata.*)
 *(.rel.gnu.linkonce.r*)

.rela.rodata
 *(.rela.rodata)
 *(.rela.rodata.*)
 *(.rela.gnu.linkonce.r*)

.rel.data
 *(.rel.data)
 *(.rel.data.*)
 *(.rel.gnu.linkonce.d*)

.rela.data
 *(.rela.data)
 *(.rela.data.*)
 *(.rela.gnu.linkonce.d*)

.rel.ctors
 *(.rel.ctors)

.rela.ctors
 *(.rela.ctors)

.rel.dtors
 *(.rel.dtors)

.rela.dtors
 *(.rela.dtors)

.rel.got
 *(.rel.got)

.rela.got
 *(.rela.got)

.rel.bss
 *(.rel.bss)

.rela.bss
 *(.rela.bss)

.rel.plt
 *(.rel.plt)

.rela.plt
 *(.rela.plt)

.text           0x00000000      0xe68
 *(.vectors)
 .vectors       0x00000000       0x68 c:/program files (x86)/atmel/atmel studio 6.0/extensions/atmel/avrgcc/3.4.0.65/avrtoolchain/bin/../lib/gcc/avr/4.6.2/../../../../avr/lib/avr5/crtm328p.o
                0x00000000                __vector_default
                0x00000000                __vectors
 *(.vectors)
 *(.progmem.gcc*)
 *(.progmem*)
                0x00000068                . = ALIGN (0x2)
                0x00000068                __trampolines_start = .
 *(.trampolines)
 .trampolines   0x00000068        0x0 linker stubs
 *(.trampolines*)
                0x00000068                __trampolines_end = .
 *(.jumptables)
 *(.jumptables*)
 *(.lowtext)
 *(.lowtext*)
                0x00000068                __ctors_start = .
 *(.ctors)
                0x00000068                __ctors_end = .
                0x00000068                __dtors_start = .
 *(.dtors)
                0x00000068                __dtors_end = .
 SORT(*)(.ctors)
 SORT(*)(.dtors)
 *(.init0)
 .init0         0x00000068        0x0 c:/program files (x86)/atmel/atmel studio 6.0/extensions/atmel/avrgcc/3.4.0.65/avrtoolchain/bin/../lib/gcc/avr/4.6.2/../../../../avr/lib/avr5/crtm328p.o
                0x00000068                __init
 *(.init0)
 *(.init1)
 *(.init1)
 *(.init2)
 .init2         0x00000068        0xc c:/program files (x86)/atmel/atmel studio 6.0/extensions/atmel/avrgcc/3.4.0.65/avrtoolchain/bin/../lib/gcc/avr/4.6.2/../../../../avr/lib/avr5/crtm328p.o
 *(.init2)
 *(.init3)
 *(.init3)
 *(.init4)
 .init4         0x00000074       0x16 c:/program files (x86)/atmel/atmel studio 6.0/extensions/atmel/avrgcc/3.4.0.65/avrtoolchain/bin/../lib/gcc/avr/4.6.2/avr5\libgcc.a(_copy_data.o)
                0x00000074                __do_copy_data
 .init4         0x0000008a       0x10 c:/program files (x86)/atmel/atmel studio 6.0/extensions/atmel/avrgcc/3.4.0.65/avrtoolchain/bin/../lib/gcc/avr/4.6.2/avr5\libgcc.a(_clear_bss.o)
                0x0000008a                __do_clear_bss
 *(.init4)
 *(.init5)
 *(.init5)
 *(.init6)
 *(.init6)
 *(.init7)
 *(.init7)
 *(.init8)
 *(.init8)
 *(.init9)
 .init9         0x0000009a        0x8 c:/program files (x86)/atmel/atmel studio 6.0/extensions/atmel/avrgcc/3.4.0.65/avrtoolchain/bin/../lib/gcc/avr/4.6.2/../../../../avr/lib/avr5/crtm328p.o
 *(.init9)
 *(.text)
 .text          0x000000a2        0x4 c:/program files (x86)/atmel/atmel studio 6.0/extensions/atmel/avrgcc/3.4.0.65/avrtoolchain/bin/../lib/gcc/avr/4.6.2/../../../../avr/lib/avr5/crtm328p.o
                0x000000a2                __vector_22
                0x000000a2                __vector_1
                0x000000a2                __vector_24
                0x000000a2                __vector_12
                0x000000a2                __bad_interrupt
                0x000000a2                __vector_6
                0x000000a2                __vector_3
                0x000000a2                __vector_23
                0x000000a2                __vector_25
                0x000000a2                __vector_13
                0x000000a2                __vector_19
                0x000000a2                __vector_7
                0x000000a2                __vector_5
                0x000000a2                __vector_4
                0x000000a2                __vector_9
                0x000000a2                __vector_2
                0x000000a2                __vector_21
                0x000000a2                __vector_15
                0x000000a2                __vector_8
                0x000000a2                __vector_14
                0x000000a2                __vector_10
                0x000000a2                __vector_16
                0x000000a2                __vector_18
                0x000000a2                __vector_20
 .text          0x000000a6      0xd70 BYU Mars Rover Camera Control.o
                0x000000a6                Initialize_SPI_Slave
                0x000000b8                SPI_Slave_Receive
                0x000000c2                Initialize_TWI_Master
                0x000000ca                TWI_Send_Start
                0x000000e0                TWI_Send_Data
                0x000000fa                TWI_Send_Stop
                0x00000106                TWI_Receive_Data
                0x00000128                Initialize_USART
                0x0000013c                USART_Transmit
                0x0000014c                TWI_Error
                0x00000160                RingBufferInit
                0x00000168                RingBufferIsEmpty
                0x00000180                RingBufferIsFull
                0x000001a6                RingBufferFillCount
                0x000001c0                RingBufferHasRoom
                0x000001ea                RingBufferSpaceFree
                0x000001f8                RingBufferPeek
                0x0000022c                RingBufferDequeue
                0x00000268                RingBufferDequeueArray
                0x000002ca                RingBufferMultDelete
                0x000002fa                PanTilt
                0x000003e0                RingBufferEnqueue
                0x00000412                RingBufferEnqueueArray
                0x0000047a                __vector_11
                0x0000049a                HandleMiddleBytes
                0x00000562                CalculateStatus
                0x000005c2                HandleLastByte
                0x00000638                HandleFirstByte
                0x00000820                __vector_17
                0x00000888                FlashErrorLight
                0x00000904                ServoRead
                0x000009e6                ServoWrite
                0x00000abc                CompassRead
                0x00000c72                main
 .text          0x00000e16        0x0 c:/program files (x86)/atmel/atmel studio 6.0/extensions/atmel/avrgcc/3.4.0.65/avrtoolchain/bin/../lib/gcc/avr/4.6.2/avr5\libgcc.a(_divmodhi4.o)
 .text          0x00000e16        0x0 c:/program files (x86)/atmel/atmel studio 6.0/extensions/atmel/avrgcc/3.4.0.65/avrtoolchain/bin/../lib/gcc/avr/4.6.2/avr5\libgcc.a(_exit.o)
 .text          0x00000e16        0x0 c:/program files (x86)/atmel/atmel studio 6.0/extensions/atmel/avrgcc/3.4.0.65/avrtoolchain/bin/../lib/gcc/avr/4.6.2/avr5\libgcc.a(_copy_data.o)
 .text          0x00000e16        0x0 c:/program files (x86)/atmel/atmel studio 6.0/extensions/atmel/avrgcc/3.4.0.65/avrtoolchain/bin/../lib/gcc/avr/4.6.2/avr5\libgcc.a(_clear_bss.o)
 .text          0x00000e16        0x0 c:/program files (x86)/atmel/atmel studio 6.0/extensions/atmel/avrgcc/3.4.0.65/avrtoolchain/bin/../lib/gcc/avr/4.6.2/avr5\libgcc.a(_udivmodhi4.o)
                0x00000e16                . = ALIGN (0x2)
 *(.text.*)
 .text.libgcc   0x00000e16       0x26 c:/program files (x86)/atmel/atmel studio 6.0/extensions/atmel/avrgcc/3.4.0.65/avrtoolchain/bin/../lib/gcc/avr/4.6.2/avr5\libgcc.a(_divmodhi4.o)
                0x00000e16                _div
                0x00000e16                __divmodhi4
 .text.libgcc   0x00000e3c        0x0 c:/program files (x86)/atmel/atmel studio 6.0/extensions/atmel/avrgcc/3.4.0.65/avrtoolchain/bin/../lib/gcc/avr/4.6.2/avr5\libgcc.a(_exit.o)
 .text.libgcc   0x00000e3c        0x0 c:/program files (x86)/atmel/atmel studio 6.0/extensions/atmel/avrgcc/3.4.0.65/avrtoolchain/bin/../lib/gcc/avr/4.6.2/avr5\libgcc.a(_copy_data.o)
 .text.libgcc   0x00000e3c        0x0 c:/program files (x86)/atmel/atmel studio 6.0/extensions/atmel/avrgcc/3.4.0.65/avrtoolchain/bin/../lib/gcc/avr/4.6.2/avr5\libgcc.a(_clear_bss.o)
 .text.libgcc   0x00000e3c       0x28 c:/program files (x86)/atmel/atmel studio 6.0/extensions/atmel/avrgcc/3.4.0.65/avrtoolchain/bin/../lib/gcc/avr/4.6.2/avr5\libgcc.a(_udivmodhi4.o)
                0x00000e3c                __udivmodhi4
                0x00000e64                . = ALIGN (0x2)
 *(.fini9)
 .fini9         0x00000e64        0x0 c:/program files (x86)/atmel/atmel studio 6.0/extensions/atmel/avrgcc/3.4.0.65/avrtoolchain/bin/../lib/gcc/avr/4.6.2/avr5\libgcc.a(_exit.o)
                0x00000e64                _exit
                0x00000e64                exit
 *(.fini9)
 *(.fini8)
 *(.fini8)
 *(.fini7)
 *(.fini7)
 *(.fini6)
 *(.fini6)
 *(.fini5)
 *(.fini5)
 *(.fini4)
 *(.fini4)
 *(.fini3)
 *(.fini3)
 *(.fini2)
 *(.fini2)
 *(.fini1)
 *(.fini1)
 *(.fini0)
 .fini0         0x00000e64        0x4 c:/program files (x86)/atmel/atmel studio 6.0/extensions/atmel/avrgcc/3.4.0.65/avrtoolchain/bin/../lib/gcc/avr/4.6.2/avr5\libgcc.a(_exit.o)
 *(.fini0)
                0x00000e68                _etext = .

.data           0x00800100        0xa load address 0x00000e68
                0x00800100                PROVIDE (__data_start, .)
 *(.data)
 .data          0x00800100        0x0 c:/program files (x86)/atmel/atmel studio 6.0/extensions/atmel/avrgcc/3.4.0.65/avrtoolchain/bin/../lib/gcc/avr/4.6.2/../../../../avr/lib/avr5/crtm328p.o
 .data          0x00800100        0xa BYU Mars Rover Camera Control.o
                0x00800100                oi
                0x00800102                outputBuffer
                0x00800104                commandBuffer
                0x00800106                servo2_offset
                0x00800108                servo1_offset
 .data          0x0080010a        0x0 c:/program files (x86)/atmel/atmel studio 6.0/extensions/atmel/avrgcc/3.4.0.65/avrtoolchain/bin/../lib/gcc/avr/4.6.2/avr5\libgcc.a(_divmodhi4.o)
 .data          0x0080010a        0x0 c:/program files (x86)/atmel/atmel studio 6.0/extensions/atmel/avrgcc/3.4.0.65/avrtoolchain/bin/../lib/gcc/avr/4.6.2/avr5\libgcc.a(_exit.o)
 .data          0x0080010a        0x0 c:/program files (x86)/atmel/atmel studio 6.0/extensions/atmel/avrgcc/3.4.0.65/avrtoolchain/bin/../lib/gcc/avr/4.6.2/avr5\libgcc.a(_copy_data.o)
 .data          0x0080010a        0x0 c:/program files (x86)/atmel/atmel studio 6.0/extensions/atmel/avrgcc/3.4.0.65/avrtoolchain/bin/../lib/gcc/avr/4.6.2/avr5\libgcc.a(_clear_bss.o)
 .data          0x0080010a        0x0 c:/program files (x86)/atmel/atmel studio 6.0/extensions/atmel/avrgcc/3.4.0.65/avrtoolchain/bin/../lib/gcc/avr/4.6.2/avr5\libgcc.a(_udivmodhi4.o)
 *(.data*)
 *(.rodata)
 *(.rodata*)
 *(.gnu.linkonce.d*)
                0x0080010a                . = ALIGN (0x2)
                0x0080010a                _edata = .
                0x0080010a                PROVIDE (__data_end, .)

.bss            0x0080010a      0x43e
                0x0080010a                PROVIDE (__bss_start, .)
 *(.bss)
 .bss           0x0080010a        0x0 c:/program files (x86)/atmel/atmel studio 6.0/extensions/atmel/avrgcc/3.4.0.65/avrtoolchain/bin/../lib/gcc/avr/4.6.2/../../../../avr/lib/avr5/crtm328p.o
 .bss           0x0080010a        0x6 BYU Mars Rover Camera Control.o
                0x0080010a                error
                0x0080010c                status
                0x0080010d                checksumResult
                0x0080010e                ci
 .bss           0x00800110        0x0 c:/program files (x86)/atmel/atmel studio 6.0/extensions/atmel/avrgcc/3.4.0.65/avrtoolchain/bin/../lib/gcc/avr/4.6.2/avr5\libgcc.a(_divmodhi4.o)
 .bss           0x00800110        0x0 c:/program files (x86)/atmel/atmel studio 6.0/extensions/atmel/avrgcc/3.4.0.65/avrtoolchain/bin/../lib/gcc/avr/4.6.2/avr5\libgcc.a(_exit.o)
 .bss           0x00800110        0x0 c:/program files (x86)/atmel/atmel studio 6.0/extensions/atmel/avrgcc/3.4.0.65/avrtoolchain/bin/../lib/gcc/avr/4.6.2/avr5\libgcc.a(_copy_data.o)
 .bss           0x00800110        0x0 c:/program files (x86)/atmel/atmel studio 6.0/extensions/atmel/avrgcc/3.4.0.65/avrtoolchain/bin/../lib/gcc/avr/4.6.2/avr5\libgcc.a(_clear_bss.o)
 .bss           0x00800110        0x0 c:/program files (x86)/atmel/atmel studio 6.0/extensions/atmel/avrgcc/3.4.0.65/avrtoolchain/bin/../lib/gcc/avr/4.6.2/avr5\libgcc.a(_udivmodhi4.o)
 *(.bss*)
 *(COMMON)
 COMMON         0x00800110      0x438 BYU Mars Rover Camera Control.o
                0x00800110                incomingCommand
                0x00800128                outgoingData
                0x00800140                spiState
                0x00800142                commandBufferData
                0x00800345                outputBufferData
                0x00800548                PROVIDE (__bss_end, .)
                0x00000e68                __data_load_start = LOADADDR (.data)
                0x00000e72                __data_load_end = (__data_load_start + SIZEOF (.data))

.noinit         0x00800548        0x0
                0x00800548                PROVIDE (__noinit_start, .)
 *(.noinit*)
                0x00800548                PROVIDE (__noinit_end, .)
                0x00800548                _end = .
                0x00800548                PROVIDE (__heap_start, .)

.eeprom         0x00810000        0x0
 *(.eeprom*)
                0x00810000                __eeprom_end = .

.fuse
 *(.fuse)
 *(.lfuse)
 *(.hfuse)
 *(.efuse)

.lock
 *(.lock*)

.signature
 *(.signature*)

.stab           0x00000000      0x6cc
 *(.stab)
 .stab          0x00000000      0x6cc c:/program files (x86)/atmel/atmel studio 6.0/extensions/atmel/avrgcc/3.4.0.65/avrtoolchain/bin/../lib/gcc/avr/4.6.2/../../../../avr/lib/avr5/crtm328p.o

.stabstr        0x00000000       0x85
 *(.stabstr)
 .stabstr       0x00000000       0x85 c:/program files (x86)/atmel/atmel studio 6.0/extensions/atmel/avrgcc/3.4.0.65/avrtoolchain/bin/../lib/gcc/avr/4.6.2/../../../../avr/lib/avr5/crtm328p.o

.stab.excl
 *(.stab.excl)

.stab.exclstr
 *(.stab.exclstr)

.stab.index
 *(.stab.index)

.stab.indexstr
 *(.stab.indexstr)

.comment
 *(.comment)

.debug
 *(.debug)

.line
 *(.line)

.debug_srcinfo
 *(.debug_srcinfo)

.debug_sfnames
 *(.debug_sfnames)

.debug_aranges  0x00000000       0xc0
 *(.debug_aranges)
 .debug_aranges
                0x00000000       0x20 BYU Mars Rover Camera Control.o
 .debug_aranges
                0x00000020       0x20 c:/program files (x86)/atmel/atmel studio 6.0/extensions/atmel/avrgcc/3.4.0.65/avrtoolchain/bin/../lib/gcc/avr/4.6.2/avr5\libgcc.a(_divmodhi4.o)
 .debug_aranges
                0x00000040       0x20 c:/program files (x86)/atmel/atmel studio 6.0/extensions/atmel/avrgcc/3.4.0.65/avrtoolchain/bin/../lib/gcc/avr/4.6.2/avr5\libgcc.a(_exit.o)
 .debug_aranges
                0x00000060       0x20 c:/program files (x86)/atmel/atmel studio 6.0/extensions/atmel/avrgcc/3.4.0.65/avrtoolchain/bin/../lib/gcc/avr/4.6.2/avr5\libgcc.a(_copy_data.o)
 .debug_aranges
                0x00000080       0x20 c:/program files (x86)/atmel/atmel studio 6.0/extensions/atmel/avrgcc/3.4.0.65/avrtoolchain/bin/../lib/gcc/avr/4.6.2/avr5\libgcc.a(_clear_bss.o)
 .debug_aranges
                0x000000a0       0x20 c:/program files (x86)/atmel/atmel studio 6.0/extensions/atmel/avrgcc/3.4.0.65/avrtoolchain/bin/../lib/gcc/avr/4.6.2/avr5\libgcc.a(_udivmodhi4.o)

.debug_pubnames
 *(.debug_pubnames)

.debug_info     0x00000000     0x11fe
 *(.debug_info)
 .debug_info    0x00000000      0xdad BYU Mars Rover Camera Control.o
 .debug_info    0x00000dad       0xdd c:/program files (x86)/atmel/atmel studio 6.0/extensions/atmel/avrgcc/3.4.0.65/avrtoolchain/bin/../lib/gcc/avr/4.6.2/avr5\libgcc.a(_divmodhi4.o)
 .debug_info    0x00000e8a       0xdd c:/program files (x86)/atmel/atmel studio 6.0/extensions/atmel/avrgcc/3.4.0.65/avrtoolchain/bin/../lib/gcc/avr/4.6.2/avr5\libgcc.a(_exit.o)
 .debug_info    0x00000f67       0xdd c:/program files (x86)/atmel/atmel studio 6.0/extensions/atmel/avrgcc/3.4.0.65/avrtoolchain/bin/../lib/gcc/avr/4.6.2/avr5\libgcc.a(_copy_data.o)
 .debug_info    0x00001044       0xdd c:/program files (x86)/atmel/atmel studio 6.0/extensions/atmel/avrgcc/3.4.0.65/avrtoolchain/bin/../lib/gcc/avr/4.6.2/avr5\libgcc.a(_clear_bss.o)
 .debug_info    0x00001121       0xdd c:/program files (x86)/atmel/atmel studio 6.0/extensions/atmel/avrgcc/3.4.0.65/avrtoolchain/bin/../lib/gcc/avr/4.6.2/avr5\libgcc.a(_udivmodhi4.o)
 *(.gnu.linkonce.wi.*)

.debug_abbrev   0x00000000      0x376
 *(.debug_abbrev)
 .debug_abbrev  0x00000000      0x312 BYU Mars Rover Camera Control.o
 .debug_abbrev  0x00000312       0x14 c:/program files (x86)/atmel/atmel studio 6.0/extensions/atmel/avrgcc/3.4.0.65/avrtoolchain/bin/../lib/gcc/avr/4.6.2/avr5\libgcc.a(_divmodhi4.o)
 .debug_abbrev  0x00000326       0x14 c:/program files (x86)/atmel/atmel studio 6.0/extensions/atmel/avrgcc/3.4.0.65/avrtoolchain/bin/../lib/gcc/avr/4.6.2/avr5\libgcc.a(_exit.o)
 .debug_abbrev  0x0000033a       0x14 c:/program files (x86)/atmel/atmel studio 6.0/extensions/atmel/avrgcc/3.4.0.65/avrtoolchain/bin/../lib/gcc/avr/4.6.2/avr5\libgcc.a(_copy_data.o)
 .debug_abbrev  0x0000034e       0x14 c:/program files (x86)/atmel/atmel studio 6.0/extensions/atmel/avrgcc/3.4.0.65/avrtoolchain/bin/../lib/gcc/avr/4.6.2/avr5\libgcc.a(_clear_bss.o)
 .debug_abbrev  0x00000362       0x14 c:/program files (x86)/atmel/atmel studio 6.0/extensions/atmel/avrgcc/3.4.0.65/avrtoolchain/bin/../lib/gcc/avr/4.6.2/avr5\libgcc.a(_udivmodhi4.o)

.debug_line     0x00000000      0x73c
 *(.debug_line)
 .debug_line    0x00000000      0x462 BYU Mars Rover Camera Control.o
 .debug_line    0x00000462       0x99 c:/program files (x86)/atmel/atmel studio 6.0/extensions/atmel/avrgcc/3.4.0.65/avrtoolchain/bin/../lib/gcc/avr/4.6.2/avr5\libgcc.a(_divmodhi4.o)
 .debug_line    0x000004fb       0x88 c:/program files (x86)/atmel/atmel studio 6.0/extensions/atmel/avrgcc/3.4.0.65/avrtoolchain/bin/../lib/gcc/avr/4.6.2/avr5\libgcc.a(_exit.o)
 .debug_line    0x00000583       0x91 c:/program files (x86)/atmel/atmel studio 6.0/extensions/atmel/avrgcc/3.4.0.65/avrtoolchain/bin/../lib/gcc/avr/4.6.2/avr5\libgcc.a(_copy_data.o)
 .debug_line    0x00000614       0x8e c:/program files (x86)/atmel/atmel studio 6.0/extensions/atmel/avrgcc/3.4.0.65/avrtoolchain/bin/../lib/gcc/avr/4.6.2/avr5\libgcc.a(_clear_bss.o)
 .debug_line    0x000006a2       0x9a c:/program files (x86)/atmel/atmel studio 6.0/extensions/atmel/avrgcc/3.4.0.65/avrtoolchain/bin/../lib/gcc/avr/4.6.2/avr5\libgcc.a(_udivmodhi4.o)

.debug_frame    0x00000000      0x3fc
 *(.debug_frame)
 .debug_frame   0x00000000      0x3fc BYU Mars Rover Camera Control.o

.debug_str      0x00000000      0x549
 *(.debug_str)
 .debug_str     0x00000000      0x549 BYU Mars Rover Camera Control.o
                                0x588 (size before relaxing)

.debug_loc      0x00000000      0xf21
 *(.debug_loc)
 .debug_loc     0x00000000      0xf21 BYU Mars Rover Camera Control.o

.debug_macinfo
 *(.debug_macinfo)
OUTPUT(BYU Mars Rover Camera Control.elf elf32-avr)
LOAD linker stubs

.debug_ranges   0x00000000       0x48
 .debug_ranges  0x00000000       0x48 BYU Mars Rover Camera Control.o
